[cloudera@quickstart ~]$ cat>input.txt
A B C D
B A C D E
C A B D E
D A B C E
E B C D
^C
[cloudera@quickstart ~]$ cat input.txt
A B C D
B A C D E
C A B D E
D A B C E
E B C D
[cloudera@quickstart ~]$ pwd
/home/cloudera
[cloudera@quickstart ~]$ hadoop fs -put input.txt hiren/input.txt
put: `hiren/input.txt': No such file or directory
[cloudera@quickstart ~]$ hadoop fs mkdir hiren
mkdir: Unknown command
Did you mean -mkdir?  This command begins with a dash.
[cloudera@quickstart ~]$ hadoop fs - mkdir hiren
mkdir: Unknown command
Did you mean -mkdir?  This command begins with a dash.
[cloudera@quickstart ~]$ hadoop fs -mkdir hiren
[cloudera@quickstart ~]$ hadoop fs -put input.txt hiren/input.txt
[cloudera@quickstart ~]$ hadoop fs -ls
Found 3 items
drwxr-xr-x   - cloudera cloudera          0 2016-02-17 09:07 hiren
drwxr-xr-x   - cloudera cloudera          0 2016-02-13 19:44 ram
drwxr-xr-x   - cloudera cloudera          0 2016-02-14 00:39 wordcountoutput
[cloudera@quickstart ~]$ hadoop fs -ls hiren
Found 1 items
-rw-r--r--   1 cloudera cloudera         46 2016-02-17 09:07 hiren/input.txt
[cloudera@quickstart ~]$ clear

[cloudera@quickstart ~]$ pwd
/home/cloudera
[cloudera@quickstart ~]$ ls
cloudera-manager  enterprise-deployment.json  lib               Templates
cm_api.py         express-deployment.json     Music             Videos
Desktop           file.txt                    Mutualfriend.jar  workspace
Documents         input.txt                   parcels
Downloads         input.txt~                  Pictures
eclipse           kerberos                    Public
[cloudera@quickstart ~]$ cd workspace/
[cloudera@quickstart workspace]$ hadoop jar Mutualfriend.jar MutualFriends hiren/input.txt friendoutput
Not a valid JAR: /home/cloudera/workspace/Mutualfriend.jar
[cloudera@quickstart workspace]$ hadoop jar Mutualfriend.jar MutualFriends hiren/input.txt friendoutput
16/02/17 09:12:14 INFO client.RMProxy: Connecting to ResourceManager at /0.0.0.0:8032
16/02/17 09:12:14 WARN mapreduce.JobResourceUploader: Hadoop command-line option parsing not performed. Implement the Tool interface and execute your application with ToolRunner to remedy this.
16/02/17 09:12:15 INFO input.FileInputFormat: Total input paths to process : 1
16/02/17 09:12:15 INFO mapreduce.JobSubmitter: number of splits:1
16/02/17 09:12:15 INFO mapreduce.JobSubmitter: Submitting tokens for job: job_1455727015015_0002
16/02/17 09:12:15 INFO impl.YarnClientImpl: Submitted application application_1455727015015_0002
16/02/17 09:12:15 INFO mapreduce.Job: The url to track the job: http://quickstart.cloudera:8088/proxy/application_1455727015015_0002/
16/02/17 09:12:15 INFO mapreduce.Job: Running job: job_1455727015015_0002
16/02/17 09:12:26 INFO mapreduce.Job: Job job_1455727015015_0002 running in uber mode : false
16/02/17 09:12:26 INFO mapreduce.Job:  map 0% reduce 0%
16/02/17 09:12:33 INFO mapreduce.Job:  map 100% reduce 0%
16/02/17 09:12:40 INFO mapreduce.Job:  map 100% reduce 100%
16/02/17 09:12:40 INFO mapreduce.Job: Job job_1455727015015_0002 completed successfully
16/02/17 09:12:40 INFO mapreduce.Job: Counters: 49
	File System Counters
		FILE: Number of bytes read=180
		FILE: Number of bytes written=223181
		FILE: Number of read operations=0
		FILE: Number of large read operations=0
		FILE: Number of write operations=0
		HDFS: Number of bytes read=172
		HDFS: Number of bytes written=57
		HDFS: Number of read operations=6
		HDFS: Number of large read operations=0
		HDFS: Number of write operations=2
	Job Counters 
		Launched map tasks=1
		Launched reduce tasks=1
		Data-local map tasks=1
		Total time spent by all maps in occupied slots (ms)=4371
		Total time spent by all reduces in occupied slots (ms)=4964
		Total time spent by all map tasks (ms)=4371
		Total time spent by all reduce tasks (ms)=4964
		Total vcore-seconds taken by all map tasks=4371
		Total vcore-seconds taken by all reduce tasks=4964
		Total megabyte-seconds taken by all map tasks=4475904
		Total megabyte-seconds taken by all reduce tasks=5083136
	Map-Reduce Framework
		Map input records=5
		Map output records=18
		Map output bytes=138
		Map output materialized bytes=180
		Input split bytes=126
		Combine input records=0
		Combine output records=0
		Reduce input groups=9
		Reduce shuffle bytes=180
		Reduce input records=18
		Reduce output records=9
		Spilled Records=36
		Shuffled Maps =1
		Failed Shuffles=0
		Merged Map outputs=1
		GC time elapsed (ms)=128
		CPU time spent (ms)=1140
		Physical memory (bytes) snapshot=346427392
		Virtual memory (bytes) snapshot=3008630784
		Total committed heap usage (bytes)=226562048
	Shuffle Errors
		BAD_ID=0
		CONNECTION=0
		IO_ERROR=0
		WRONG_LENGTH=0
		WRONG_MAP=0
		WRONG_REDUCE=0
	File Input Format Counters 
		Bytes Read=46
	File Output Format Counters 
		Bytes Written=57
[cloudera@quickstart workspace]$ hadoop fs -ls
Found 4 items
drwxr-xr-x   - cloudera cloudera          0 2016-02-17 09:12 friendoutput
drwxr-xr-x   - cloudera cloudera          0 2016-02-17 09:07 hiren
drwxr-xr-x   - cloudera cloudera          0 2016-02-13 19:44 ram
drwxr-xr-x   - cloudera cloudera          0 2016-02-14 00:39 wordcountoutput
[cloudera@quickstart workspace]$ hadoop fs -cat friendoutput
cat: `friendoutput': Is a directory
[cloudera@quickstart workspace]$ hadoop fs cd friendoutput
cd: Unknown command
[cloudera@quickstart workspace]$ hadoop fs -ls friendoutput
Found 2 items
-rw-r--r--   1 cloudera cloudera          0 2016-02-17 09:12 friendoutput/_SUCCESS
-rw-r--r--   1 cloudera cloudera         57 2016-02-17 09:12 friendoutput/part-r-00000
[cloudera@quickstart workspace]$ ^C
[cloudera@quickstart workspace]$ hadoop fs -cat friendoutput/part-r-00000
AB	CD
AC	BD
AD	BC
BC	ADE
BD	ACE
BE	CD
CD	ABE
CE	BD
DE	BC
